{"level":"info","message":"🍵 Chiya Chowk API running on port 5000 [development]","service":"chiya-chowk-api","timestamp":"2026-02-21 21:52:18"}
{"level":"info","message":"MongoDB Connected: localhost","service":"chiya-chowk-api","timestamp":"2026-02-21 21:52:18"}
{"level":"warn","message":"MongoDB disconnected. Attempting reconnect...","service":"chiya-chowk-api","timestamp":"2026-02-21 21:55:18"}
{"level":"info","message":"🍵 Chiya Chowk API running on port 5000 [development]","service":"chiya-chowk-api","timestamp":"2026-02-21 21:55:25"}
{"level":"info","message":"MongoDB Connected: localhost","service":"chiya-chowk-api","timestamp":"2026-02-21 21:55:25"}
{"level":"info","message":"🍵 Chiya Chowk API running on port 5000 [development]","service":"chiya-chowk-api","timestamp":"2026-02-21 22:06:45"}
{"level":"info","message":"MongoDB Connected: localhost","service":"chiya-chowk-api","timestamp":"2026-02-21 22:06:45"}
{"level":"info","message":"🍵 Chiya Chowk API running on port 5000 [development]","service":"chiya-chowk-api","timestamp":"2026-02-21 23:01:32"}
{"level":"info","message":"MongoDB Connected: localhost","service":"chiya-chowk-api","timestamp":"2026-02-21 23:01:32"}
{"level":"info","message":"🍵 Chiya Chowk API running on port 5000 [development]","service":"chiya-chowk-api","timestamp":"2026-02-22 10:21:32"}
{"level":"info","message":"MongoDB Connected: localhost","service":"chiya-chowk-api","timestamp":"2026-02-22 10:21:33"}
{"level":"warn","message":"MongoDB disconnected. Attempting reconnect...","service":"chiya-chowk-api","timestamp":"2026-02-22 10:30:14"}
{"level":"info","message":"🍵 Chiya Chowk API running on port 5000 [development]","service":"chiya-chowk-api","timestamp":"2026-02-22 10:30:27"}
{"level":"info","message":"MongoDB Connected: localhost","service":"chiya-chowk-api","timestamp":"2026-02-22 10:30:27"}
{"level":"error","message":"500 - Cannot set property query of #<IncomingMessage> which has only a getter - /api/auth/login - POST - ::1","service":"chiya-chowk-api","timestamp":"2026-02-22 10:32:00"}
{"level":"error","message":"500 - Cannot set property query of #<IncomingMessage> which has only a getter - /api/auth/login - POST - ::1","service":"chiya-chowk-api","timestamp":"2026-02-22 10:32:14"}
{"level":"error","message":"500 - Cannot set property query of #<IncomingMessage> which has only a getter - /api/auth/login - POST - ::1","service":"chiya-chowk-api","timestamp":"2026-02-22 10:32:20"}
{"level":"error","message":"500 - Cannot set property query of #<IncomingMessage> which has only a getter - /api/auth/login - POST - ::1","service":"chiya-chowk-api","timestamp":"2026-02-22 10:34:26"}
{"level":"error","message":"500 - Cannot set property query of #<IncomingMessage> which has only a getter - /api/auth/login - POST - ::1","service":"chiya-chowk-api","timestamp":"2026-02-22 10:34:33"}
{"level":"warn","message":"MongoDB disconnected. Attempting reconnect...","service":"chiya-chowk-api","timestamp":"2026-02-22 10:34:39"}
{"level":"info","message":"🍵 Chiya Chowk API running on port 5000 [development]","service":"chiya-chowk-api","timestamp":"2026-02-22 10:34:45"}
{"level":"info","message":"MongoDB Connected: localhost","service":"chiya-chowk-api","timestamp":"2026-02-22 10:34:45"}
{"level":"error","message":"500 - Cannot set property query of #<IncomingMessage> which has only a getter - /api/auth/login - POST - ::1","service":"chiya-chowk-api","timestamp":"2026-02-22 10:34:50"}
{"level":"error","message":"500 - Cannot set property query of #<IncomingMessage> which has only a getter - /api/auth/login - POST - ::1","service":"chiya-chowk-api","timestamp":"2026-02-22 10:37:18"}
{"level":"warn","message":"MongoDB disconnected. Attempting reconnect...","service":"chiya-chowk-api","timestamp":"2026-02-22 10:37:27"}
{"level":"info","message":"🍵 Chiya Chowk API running on port 5000 [development]","service":"chiya-chowk-api","timestamp":"2026-02-22 10:37:34"}
{"level":"info","message":"MongoDB Connected: localhost","service":"chiya-chowk-api","timestamp":"2026-02-22 10:37:34"}
{"level":"error","message":"500 - Cannot set property query of #<IncomingMessage> which has only a getter - /api/auth/login - POST - ::1","service":"chiya-chowk-api","timestamp":"2026-02-22 10:38:06"}
{"level":"error","message":"500 - Cannot set property query of #<IncomingMessage> which has only a getter - /api/auth/login - POST - ::1","service":"chiya-chowk-api","timestamp":"2026-02-22 10:39:41"}
{"level":"warn","message":"MongoDB disconnected. Attempting reconnect...","service":"chiya-chowk-api","timestamp":"2026-02-22 10:40:00"}
{"level":"info","message":"🍵 Chiya Chowk API running on port 5000 [development]","service":"chiya-chowk-api","timestamp":"2026-02-22 10:40:07"}
{"level":"info","message":"MongoDB Connected: localhost","service":"chiya-chowk-api","timestamp":"2026-02-22 10:40:07"}
{"level":"error","message":"500 - Cannot set property query of #<IncomingMessage> which has only a getter - /api/auth/login - POST - ::1","service":"chiya-chowk-api","timestamp":"2026-02-22 10:40:33"}
{"level":"error","message":"500 - Cannot set property query of #<IncomingMessage> which has only a getter - /api/auth/login - POST - ::1","service":"chiya-chowk-api","timestamp":"2026-02-22 10:41:45"}
{"level":"warn","message":"MongoDB disconnected. Attempting reconnect...","service":"chiya-chowk-api","timestamp":"2026-02-22 10:41:53"}
{"level":"info","message":"🍵 Chiya Chowk API running on port 5000 [development]","service":"chiya-chowk-api","timestamp":"2026-02-22 10:42:30"}
{"level":"info","message":"MongoDB Connected: localhost","service":"chiya-chowk-api","timestamp":"2026-02-22 10:42:30"}
{"level":"error","message":"500 - Cannot set property query of #<IncomingMessage> which has only a getter - /api/auth/login - POST - ::1","service":"chiya-chowk-api","timestamp":"2026-02-22 10:43:41"}
{"level":"error","message":"500 - Cannot set property query of #<IncomingMessage> which has only a getter - /api/auth/login - POST - ::1","service":"chiya-chowk-api","timestamp":"2026-02-22 10:55:25"}
{"level":"warn","message":"MongoDB disconnected. Attempting reconnect...","service":"chiya-chowk-api","timestamp":"2026-02-22 10:56:19"}
{"level":"info","message":"🍵 Chiya Chowk API running on port 5000 [development]","service":"chiya-chowk-api","timestamp":"2026-02-22 10:57:03"}
{"level":"info","message":"MongoDB Connected: localhost","service":"chiya-chowk-api","timestamp":"2026-02-22 10:57:04"}
{"level":"error","message":"500 - Cannot set property query of #<IncomingMessage> which has only a getter - /api/auth/login - POST - ::1","service":"chiya-chowk-api","timestamp":"2026-02-22 10:57:14"}
{"level":"warn","message":"MongoDB disconnected. Attempting reconnect...","service":"chiya-chowk-api","timestamp":"2026-02-22 10:59:19"}
{"level":"info","message":"🍵 Chiya Chowk API running on port 5000 [development]","service":"chiya-chowk-api","timestamp":"2026-02-22 10:59:25"}
{"level":"info","message":"MongoDB Connected: localhost","service":"chiya-chowk-api","timestamp":"2026-02-22 10:59:25"}
{"level":"error","message":"500 - Cannot set property query of #<IncomingMessage> which has only a getter - /api/auth/login - POST - ::1","service":"chiya-chowk-api","timestamp":"2026-02-22 11:00:40"}
{"level":"warn","message":"MongoDB disconnected. Attempting reconnect...","service":"chiya-chowk-api","timestamp":"2026-02-22 11:01:06"}
{"level":"info","message":"🍵 Chiya Chowk API running on port 5000 [development]","service":"chiya-chowk-api","timestamp":"2026-02-22 11:01:31"}
{"level":"info","message":"MongoDB Connected: localhost","service":"chiya-chowk-api","timestamp":"2026-02-22 11:01:31"}
{"level":"error","message":"500 - Cannot set property query of #<IncomingMessage> which has only a getter - /api/auth/login - POST - ::1","service":"chiya-chowk-api","timestamp":"2026-02-22 11:01:37"}
{"level":"warn","message":"MongoDB disconnected. Attempting reconnect...","service":"chiya-chowk-api","timestamp":"2026-02-22 11:02:25"}
{"level":"info","message":"🍵 Chiya Chowk API running on port 5000 [development]","service":"chiya-chowk-api","timestamp":"2026-02-22 11:04:38"}
{"level":"info","message":"MongoDB Connected: localhost","service":"chiya-chowk-api","timestamp":"2026-02-22 11:04:38"}
{"level":"error","message":"500 - Cannot set property query of #<IncomingMessage> which has only a getter - /api/auth/login - POST - ::1","service":"chiya-chowk-api","timestamp":"2026-02-22 11:04:44"}
{"level":"error","message":"500 - Cannot set property query of #<IncomingMessage> which has only a getter - /api/auth/login - POST - ::1","service":"chiya-chowk-api","timestamp":"2026-02-22 11:04:50"}
{"level":"error","message":"500 - Cannot set property query of #<IncomingMessage> which has only a getter - /api/auth/login - POST - ::1","service":"chiya-chowk-api","timestamp":"2026-02-22 11:04:51"}
{"level":"error","message":"500 - Cannot set property query of #<IncomingMessage> which has only a getter - /api/auth/login - POST - ::1","service":"chiya-chowk-api","timestamp":"2026-02-22 11:04:51"}
{"level":"error","message":"500 - Cannot set property query of #<IncomingMessage> which has only a getter - /api/auth/login - POST - ::1","service":"chiya-chowk-api","timestamp":"2026-02-22 11:05:02"}
{"level":"warn","message":"MongoDB disconnected. Attempting reconnect...","service":"chiya-chowk-api","timestamp":"2026-02-22 11:05:10"}
{"level":"info","message":"🍵 Chiya Chowk API running on port 5000 [development]","service":"chiya-chowk-api","timestamp":"2026-02-22 11:05:16"}
{"level":"info","message":"MongoDB Connected: localhost","service":"chiya-chowk-api","timestamp":"2026-02-22 11:05:16"}
{"level":"error","message":"500 - Cannot set property query of #<IncomingMessage> which has only a getter - /api/auth/login - POST - ::1","service":"chiya-chowk-api","timestamp":"2026-02-22 11:05:20"}
{"level":"warn","message":"MongoDB disconnected. Attempting reconnect...","service":"chiya-chowk-api","timestamp":"2026-02-22 11:05:57"}
{"level":"info","message":"🍵 Chiya Chowk API running on port 5000 [development]","service":"chiya-chowk-api","timestamp":"2026-02-22 11:06:37"}
{"level":"info","message":"MongoDB Connected: localhost","service":"chiya-chowk-api","timestamp":"2026-02-22 11:06:37"}
{"level":"warn","message":"MongoDB disconnected. Attempting reconnect...","service":"chiya-chowk-api","timestamp":"2026-02-22 11:07:05"}
{"level":"info","message":"🍵 Chiya Chowk API running on port 5000 [development]","service":"chiya-chowk-api","timestamp":"2026-02-22 11:07:14"}
{"level":"info","message":"MongoDB Connected: localhost","service":"chiya-chowk-api","timestamp":"2026-02-22 11:07:14"}
{"level":"warn","message":"MongoDB disconnected. Attempting reconnect...","service":"chiya-chowk-api","timestamp":"2026-02-22 11:07:48"}
{"level":"info","message":"🍵 Chiya Chowk API running on port 5000 [development]","service":"chiya-chowk-api","timestamp":"2026-02-22 11:09:24"}
{"level":"info","message":"MongoDB Connected: localhost","service":"chiya-chowk-api","timestamp":"2026-02-22 11:09:24"}
{"level":"error","message":"401 - Invalid credentials - /api/auth/login - POST - ::1","service":"chiya-chowk-api","timestamp":"2026-02-22 11:09:37"}
{"level":"error","message":"401 - Invalid credentials - /api/auth/login - POST - ::1","service":"chiya-chowk-api","timestamp":"2026-02-22 11:09:43"}
{"level":"error","message":"401 - Invalid credentials - /api/auth/login - POST - ::1","service":"chiya-chowk-api","timestamp":"2026-02-22 11:09:56"}
{"level":"error","message":"401 - Invalid credentials - /api/auth/login - POST - ::1","service":"chiya-chowk-api","timestamp":"2026-02-22 11:14:57"}
{"level":"error","message":"401 - Invalid credentials - /api/auth/login - POST - ::1","service":"chiya-chowk-api","timestamp":"2026-02-22 11:15:10"}
{"level":"error","message":"401 - Invalid credentials - /api/auth/login - POST - ::1","service":"chiya-chowk-api","timestamp":"2026-02-22 11:15:18"}
{"level":"error","message":"401 - Invalid credentials - /api/auth/login - POST - ::1","service":"chiya-chowk-api","timestamp":"2026-02-22 11:15:30"}
{"level":"error","message":"401 - Invalid credentials - /api/auth/login - POST - ::1","service":"chiya-chowk-api","timestamp":"2026-02-22 11:15:39"}
{"level":"error","message":"401 - Invalid credentials - /api/auth/login - POST - ::1","service":"chiya-chowk-api","timestamp":"2026-02-22 11:15:54"}
{"level":"error","message":"401 - Invalid credentials - /api/auth/login - POST - ::1","service":"chiya-chowk-api","timestamp":"2026-02-22 11:16:02"}
{"level":"warn","message":"MongoDB disconnected. Attempting reconnect...","service":"chiya-chowk-api","timestamp":"2026-02-22 11:16:22"}
{"level":"info","message":"🍵 Chiya Chowk API running on port 5000 [development]","service":"chiya-chowk-api","timestamp":"2026-02-22 11:16:29"}
{"level":"info","message":"MongoDB Connected: localhost","service":"chiya-chowk-api","timestamp":"2026-02-22 11:16:29"}
{"level":"error","message":"401 - Invalid credentials - /api/auth/login - POST - ::1","service":"chiya-chowk-api","timestamp":"2026-02-22 11:16:54"}
{"level":"error","message":"401 - Invalid credentials - /api/auth/login - POST - ::1","service":"chiya-chowk-api","timestamp":"2026-02-22 11:16:59"}
{"level":"warn","message":"MongoDB disconnected. Attempting reconnect...","service":"chiya-chowk-api","timestamp":"2026-02-22 11:18:13"}
